Copyright 1986-2022 Xilinx, Inc. All Rights Reserved. Copyright 2022-2024 Advanced Micro Devices, Inc. All Rights Reserved.
---------------------------------------------------------------------------------------------------------------------------------------------
| Tool Version : Vivado v.2024.2 (lin64) Build 5239630 Fri Nov 08 22:34:34 MST 2024
| Date         : Mon May 18 13:49:02 2026
| Host         : linux running 64-bit Ubuntu 24.04.4 LTS
| Command      : report_utilization -hierarchical -hierarchical_depth 6 -file reports/vivado/BK_AISoC_utilization_hierarchical_depth6.rpt
| Design       : BK_AISoC
| Device       : xc7vx485tffg1761-2
| Speed File   : -2
| Design State : Physopt postRoute
---------------------------------------------------------------------------------------------------------------------------------------------

Utilization Design Information

Table of Contents
-----------------
1. Utilization by Hierarchy

1. Utilization by Hierarchy
---------------------------

+--------------------------------------------+----------------------------------------+------------+------------+---------+------+-------+--------+--------+------------+
|                  Instance                  |                 Module                 | Total LUTs | Logic LUTs | LUTRAMs | SRLs |  FFs  | RAMB36 | RAMB18 | DSP Blocks |
+--------------------------------------------+----------------------------------------+------------+------------+---------+------+-------+--------+--------+------------+
| BK_AISoC                                   |                                  (top) |      39213 |      36341 |    2864 |    8 | 25705 |    384 |     60 |         22 |
|   (BK_AISoC)                               |                                  (top) |       1560 |        866 |     694 |    0 |     1 |      0 |      0 |          0 |
|   axi_lite_interconnect_unit               |                  axi_lite_interconnect |         27 |         27 |       0 |    0 |    12 |      0 |      0 |          0 |
|     axi_interconnect_1_n_unit              |                   axi_interconnect_1_n |         27 |         27 |       0 |    0 |    12 |      0 |      0 |          0 |
|       fifo_AR_R                            |                          fifo_axi_unit |          8 |          8 |       0 |    0 |     4 |      0 |      0 |          0 |
|         fifo_ctrl_axi_unit                 |                      fifo_ctrl_axi_631 |          8 |          8 |       0 |    0 |     4 |      0 |      0 |          0 |
|       fifo_AW_W                            |                      fifo_axi_unit_628 |         13 |         13 |       0 |    0 |     4 |      0 |      0 |          0 |
|         fifo_ctrl_axi_unit                 |                      fifo_ctrl_axi_630 |         13 |         13 |       0 |    0 |     4 |      0 |      0 |          0 |
|       fifo_W_B                             |                      fifo_axi_unit_629 |          6 |          6 |       0 |    0 |     4 |      0 |      0 |          0 |
|         fifo_ctrl_axi_unit                 |                          fifo_ctrl_axi |          6 |          6 |       0 |    0 |     4 |      0 |      0 |          0 |
|   bmem_cpu                                 |           mem_axi_lite__parameterized0 |          8 |          8 |       0 |    0 |   106 |     16 |      0 |          0 |
|     mem_axi_lite_interface                 |           axi_lite_slave_interface_617 |          8 |          8 |       0 |    0 |   106 |      0 |      0 |          0 |
|       AR_slave                             |                         tick_timer_618 |          1 |          1 |       0 |    0 |     2 |      0 |      0 |          0 |
|       AW_slave                             |                         tick_timer_619 |          1 |          1 |       0 |    0 |     2 |      0 |      0 |          0 |
|       B_slave                              |                         tick_timer_620 |          1 |          1 |       0 |    0 |     2 |      0 |      0 |          0 |
|       R_slave                              |                         tick_timer_621 |          1 |          1 |       0 |    0 |     2 |      0 |      0 |          0 |
|       W_slave                              |                         tick_timer_622 |          2 |          2 |       0 |    0 |     2 |      0 |      0 |          0 |
|       register_DFF_AR_0                    |                   register_DFF_new_623 |          0 |          0 |       0 |    0 |    14 |      0 |      0 |          0 |
|       register_DFF_AW_0                    |                   register_DFF_new_624 |          0 |          0 |       0 |    0 |    14 |      0 |      0 |          0 |
|       register_DFF_R_0                     |                   register_DFF_new_625 |          1 |          1 |       0 |    0 |    32 |      0 |      0 |          0 |
|       register_DFF_W_0                     |                   register_DFF_new_626 |          1 |          1 |       0 |    0 |    32 |      0 |      0 |          0 |
|       register_DFF_W_1                     |   register_DFF_new__parameterized1_627 |          0 |          0 |       0 |    0 |     4 |      0 |      0 |          0 |
|     mem_register_unit                      |           mem_register__parameterized0 |          0 |          0 |       0 |    0 |     0 |     16 |      0 |          0 |
|   clk_wiz_0_uut                            |                              clk_wiz_0 |          0 |          0 |       0 |    0 |     0 |      0 |      0 |          0 |
|     inst                                   |                      clk_wiz_0_clk_wiz |          0 |          0 |       0 |    0 |     0 |      0 |      0 |          0 |
|   cnn_accel                                |                           cnn_axi_lite |      32110 |      30662 |    1442 |    6 | 21149 |     16 |     58 |         19 |
|     (cnn_accel)                            |                           cnn_axi_lite |          0 |          0 |       0 |    0 |   264 |      0 |      0 |          0 |
|     u_axi_lite_slave_interface             |           axi_lite_slave_interface_147 |        373 |        373 |       0 |    0 |    92 |      0 |      0 |          0 |
|       AR_slave                             |                         tick_timer_607 |          1 |          1 |       0 |    0 |     2 |      0 |      0 |          0 |
|       AW_slave                             |                         tick_timer_608 |          1 |          1 |       0 |    0 |     2 |      0 |      0 |          0 |
|       B_slave                              |                         tick_timer_609 |          1 |          1 |       0 |    0 |     2 |      0 |      0 |          0 |
|       R_slave                              |                         tick_timer_610 |          1 |          1 |       0 |    0 |     2 |      0 |      0 |          0 |
|       W_slave                              |                         tick_timer_611 |          1 |          1 |       0 |    0 |     2 |      0 |      0 |          0 |
|       register_DFF_AR_0                    |                   register_DFF_new_612 |        162 |        162 |       0 |    0 |     7 |      0 |      0 |          0 |
|       register_DFF_AW_0                    |                   register_DFF_new_613 |        203 |        203 |       0 |    0 |     7 |      0 |      0 |          0 |
|       register_DFF_R_0                     |                   register_DFF_new_614 |          1 |          1 |       0 |    0 |    32 |      0 |      0 |          0 |
|       register_DFF_W_0                     |                   register_DFF_new_615 |          2 |          2 |       0 |    0 |    32 |      0 |      0 |          0 |
|       register_DFF_W_1                     |   register_DFF_new__parameterized1_616 |          0 |          0 |       0 |    0 |     4 |      0 |      0 |          0 |
|     u_cnn_accel                            |                              CNN_accel |      31737 |      30289 |    1442 |    6 | 20793 |     16 |     58 |         19 |
|       (u_cnn_accel)                        |                              CNN_accel |          0 |          0 |       0 |    0 |     2 |      0 |      0 |          0 |
|       f                                    |                      posedge_detection |          1 |          1 |       0 |    0 |     1 |      0 |      0 |          0 |
|       gen_ofbuf[0].u_skid_ofbuf            |                            skid_buffer |          3 |          3 |       0 |    0 |    18 |      0 |      0 |          0 |
|       gen_ofbuf[1].u_skid_ofbuf            |                        skid_buffer_148 |          4 |          4 |       0 |    0 |    18 |      0 |      0 |          0 |
|       skide_ifbuf_computation              |            skid_buffer__parameterized5 |          3 |          3 |       0 |    0 |    76 |      0 |      0 |          0 |
|       u_bias_buf                           |                            bias_buffer |        663 |        575 |      88 |    0 |   294 |      0 |      0 |          0 |
|         (u_bias_buf)                       |                            bias_buffer |        228 |        228 |       0 |    0 |   190 |      0 |      0 |          0 |
|         pp_bram1                           |                         ping_pong_bias |        223 |        179 |      44 |    0 |    52 |      0 |      0 |          0 |
|           bias_fifo1                       |             fifo_n__parameterized1_605 |         99 |         77 |      22 |    0 |    26 |      0 |      0 |          0 |
|           bias_fifo2                       |             fifo_n__parameterized1_606 |        124 |        102 |      22 |    0 |    26 |      0 |      0 |          0 |
|         pp_bram2                           |                     ping_pong_bias_603 |        213 |        169 |      44 |    0 |    52 |      0 |      0 |          0 |
|           bias_fifo1                       |                 fifo_n__parameterized1 |         99 |         77 |      22 |    0 |    26 |      0 |      0 |          0 |
|           bias_fifo2                       |             fifo_n__parameterized1_604 |        114 |         92 |      22 |    0 |    26 |      0 |      0 |          0 |
|       u_computation                        |                            computation |      26775 |      25591 |    1178 |    6 | 17087 |      0 |     48 |         16 |
|         (u_computation)                    |                            computation |          8 |          8 |       0 |    0 |    82 |      0 |      0 |          0 |
|         b                                  |                  posedge_detection_176 |          1 |          1 |       0 |    0 |     1 |      0 |      0 |          0 |
|         c                                  |                  posedge_detection_177 |          2 |          2 |       0 |    0 |     1 |      0 |      0 |          0 |
|         gen_comp_pu[0].comp_pu_inft        |                                comp_pu |      12890 |      12311 |     576 |    3 |  7785 |      0 |     24 |          0 |
|           (gen_comp_pu[0].comp_pu_inft)    |                                comp_pu |          0 |          0 |       0 |    0 |    85 |      0 |      0 |          0 |
|           comp_pe_array[0].comp_pe_uut     |                            comp_pe_382 |        452 |        449 |       0 |    3 |   431 |      0 |      0 |          0 |
|           comp_pe_array[0].pp_uut          |                  pu_ping_pong_fifo_383 |        195 |        195 |       0 |    0 |    72 |      0 |      2 |          0 |
|             fifo1                          |                          fifo_bram_599 |        145 |        145 |       0 |    0 |    36 |      0 |      1 |          0 |
|             fifo2                          |                          fifo_bram_600 |         50 |         50 |       0 |    0 |    36 |      0 |      1 |          0 |
|           comp_pe_array[10].comp_pe_uut    |            comp_pe__parameterized9_384 |        473 |        473 |       0 |    0 |   421 |      0 |      0 |          0 |
|           comp_pe_array[10].pp_uut         |                  pu_ping_pong_fifo_385 |        198 |        198 |       0 |    0 |    72 |      0 |      2 |          0 |
|             fifo1                          |                          fifo_bram_595 |        145 |        145 |       0 |    0 |    36 |      0 |      1 |          0 |
|             fifo2                          |                          fifo_bram_596 |         53 |         53 |       0 |    0 |    36 |      0 |      1 |          0 |
|           comp_pe_array[11].comp_pe_uut    |           comp_pe__parameterized10_386 |        472 |        472 |       0 |    0 |   429 |      0 |      0 |          0 |
|           comp_pe_array[11].pp_uut         |                  pu_ping_pong_fifo_387 |        163 |        163 |       0 |    0 |   136 |      0 |      2 |          0 |
|             fifo1                          |                          fifo_bram_591 |         96 |         96 |       0 |    0 |   100 |      0 |      1 |          0 |
|             fifo2                          |                          fifo_bram_592 |         67 |         67 |       0 |    0 |    36 |      0 |      1 |          0 |
|           comp_pe_array[1].comp_pe_uut     |            comp_pe__parameterized0_388 |        474 |        474 |       0 |    0 |   421 |      0 |      0 |          0 |
|           comp_pe_array[1].pp_uut          |                  pu_ping_pong_fifo_389 |        196 |        196 |       0 |    0 |    72 |      0 |      2 |          0 |
|             fifo1                          |                          fifo_bram_587 |        145 |        145 |       0 |    0 |    36 |      0 |      1 |          0 |
|             fifo2                          |                          fifo_bram_588 |         51 |         51 |       0 |    0 |    36 |      0 |      1 |          0 |
|           comp_pe_array[2].comp_pe_uut     |            comp_pe__parameterized1_390 |        473 |        473 |       0 |    0 |   421 |      0 |      0 |          0 |
|           comp_pe_array[2].pp_uut          |                  pu_ping_pong_fifo_391 |        196 |        196 |       0 |    0 |    72 |      0 |      2 |          0 |
|             fifo1                          |                          fifo_bram_583 |        145 |        145 |       0 |    0 |    36 |      0 |      1 |          0 |
|             fifo2                          |                          fifo_bram_584 |         51 |         51 |       0 |    0 |    36 |      0 |      1 |          0 |
|           comp_pe_array[3].comp_pe_uut     |            comp_pe__parameterized2_392 |        474 |        474 |       0 |    0 |   421 |      0 |      0 |          0 |
|           comp_pe_array[3].pp_uut          |                  pu_ping_pong_fifo_393 |        194 |        194 |       0 |    0 |    72 |      0 |      2 |          0 |
|             fifo1                          |                          fifo_bram_579 |        143 |        143 |       0 |    0 |    36 |      0 |      1 |          0 |
|             fifo2                          |                          fifo_bram_580 |         51 |         51 |       0 |    0 |    36 |      0 |      1 |          0 |
|           comp_pe_array[4].comp_pe_uut     |            comp_pe__parameterized3_394 |        473 |        473 |       0 |    0 |   421 |      0 |      0 |          0 |
|           comp_pe_array[4].pp_uut          |                  pu_ping_pong_fifo_395 |        196 |        196 |       0 |    0 |    72 |      0 |      2 |          0 |
|             fifo1                          |                          fifo_bram_575 |        145 |        145 |       0 |    0 |    36 |      0 |      1 |          0 |
|             fifo2                          |                          fifo_bram_576 |         51 |         51 |       0 |    0 |    36 |      0 |      1 |          0 |
|           comp_pe_array[5].comp_pe_uut     |            comp_pe__parameterized4_396 |        473 |        473 |       0 |    0 |   421 |      0 |      0 |          0 |
|           comp_pe_array[5].pp_uut          |                  pu_ping_pong_fifo_397 |        196 |        196 |       0 |    0 |    72 |      0 |      2 |          0 |
|             fifo1                          |                          fifo_bram_571 |        145 |        145 |       0 |    0 |    36 |      0 |      1 |          0 |
|             fifo2                          |                          fifo_bram_572 |         51 |         51 |       0 |    0 |    36 |      0 |      1 |          0 |
|           comp_pe_array[6].comp_pe_uut     |            comp_pe__parameterized5_398 |        472 |        472 |       0 |    0 |   421 |      0 |      0 |          0 |
|           comp_pe_array[6].pp_uut          |                  pu_ping_pong_fifo_399 |        195 |        195 |       0 |    0 |    72 |      0 |      2 |          0 |
|             fifo1                          |                          fifo_bram_567 |        145 |        145 |       0 |    0 |    36 |      0 |      1 |          0 |
|             fifo2                          |                          fifo_bram_568 |         50 |         50 |       0 |    0 |    36 |      0 |      1 |          0 |
|           comp_pe_array[7].comp_pe_uut     |            comp_pe__parameterized6_400 |        473 |        473 |       0 |    0 |   421 |      0 |      0 |          0 |
|           comp_pe_array[7].pp_uut          |                  pu_ping_pong_fifo_401 |        196 |        196 |       0 |    0 |    72 |      0 |      2 |          0 |
|             fifo1                          |                          fifo_bram_563 |        145 |        145 |       0 |    0 |    36 |      0 |      1 |          0 |
|             fifo2                          |                          fifo_bram_564 |         51 |         51 |       0 |    0 |    36 |      0 |      1 |          0 |
|           comp_pe_array[8].comp_pe_uut     |            comp_pe__parameterized7_402 |        473 |        473 |       0 |    0 |   421 |      0 |      0 |          0 |
|           comp_pe_array[8].pp_uut          |                  pu_ping_pong_fifo_403 |        196 |        196 |       0 |    0 |    72 |      0 |      2 |          0 |
|             fifo1                          |                          fifo_bram_559 |        145 |        145 |       0 |    0 |    36 |      0 |      1 |          0 |
|             fifo2                          |                          fifo_bram_560 |         51 |         51 |       0 |    0 |    36 |      0 |      1 |          0 |
|           comp_pe_array[9].comp_pe_uut     |            comp_pe__parameterized8_404 |        474 |        474 |       0 |    0 |   421 |      0 |      0 |          0 |
|           comp_pe_array[9].pp_uut          |                  pu_ping_pong_fifo_405 |        196 |        196 |       0 |    0 |    72 |      0 |      2 |          0 |
|             fifo1                          |                          fifo_bram_555 |        145 |        145 |       0 |    0 |    36 |      0 |      1 |          0 |
|             fifo2                          |                          fifo_bram_556 |         51 |         51 |       0 |    0 |    36 |      0 |      1 |          0 |
|           cwc_uut                          |                       comp_wr_ctrl_406 |        841 |        841 |       0 |    0 |    26 |      0 |      0 |          0 |
|           gen_fltc[0].flt_cache_uut        |                       filter_cache_407 |       1062 |        918 |     144 |    0 |   419 |      0 |      0 |          0 |
|             (gen_fltc[0].flt_cache_uut)    |                       filter_cache_407 |         26 |         26 |       0 |    0 |    11 |      0 |      0 |          0 |
|             fifo_array[0].circle_reg_inft  |                      pp_circle_reg_519 |        100 |         88 |      12 |    0 |    34 |      0 |      0 |          0 |
|             fifo_array[10].circle_reg_inft |                      pp_circle_reg_520 |         86 |         74 |      12 |    0 |    34 |      0 |      0 |          0 |
|             fifo_array[11].circle_reg_inft |                      pp_circle_reg_521 |         87 |         75 |      12 |    0 |    34 |      0 |      0 |          0 |
|             fifo_array[1].circle_reg_inft  |                      pp_circle_reg_522 |         86 |         74 |      12 |    0 |    34 |      0 |      0 |          0 |
|             fifo_array[2].circle_reg_inft  |                      pp_circle_reg_523 |         86 |         74 |      12 |    0 |    34 |      0 |      0 |          0 |
|             fifo_array[3].circle_reg_inft  |                      pp_circle_reg_524 |         86 |         74 |      12 |    0 |    34 |      0 |      0 |          0 |
|             fifo_array[4].circle_reg_inft  |                      pp_circle_reg_525 |         86 |         74 |      12 |    0 |    34 |      0 |      0 |          0 |
|             fifo_array[5].circle_reg_inft  |                      pp_circle_reg_526 |         86 |         74 |      12 |    0 |    34 |      0 |      0 |          0 |
|             fifo_array[6].circle_reg_inft  |                      pp_circle_reg_527 |         86 |         74 |      12 |    0 |    34 |      0 |      0 |          0 |
|             fifo_array[7].circle_reg_inft  |                      pp_circle_reg_528 |         87 |         75 |      12 |    0 |    34 |      0 |      0 |          0 |
|             fifo_array[8].circle_reg_inft  |                      pp_circle_reg_529 |         86 |         74 |      12 |    0 |    34 |      0 |      0 |          0 |
|             fifo_array[9].circle_reg_inft  |                      pp_circle_reg_530 |         86 |         74 |      12 |    0 |    34 |      0 |      0 |          0 |
|           gen_fltc[1].flt_cache_uut        |                       filter_cache_408 |        905 |        761 |     144 |    0 |   419 |      0 |      0 |          0 |
|             (gen_fltc[1].flt_cache_uut)    |                       filter_cache_408 |         27 |         27 |       0 |    0 |    11 |      0 |      0 |          0 |
|             fifo_array[0].circle_reg_inft  |                      pp_circle_reg_483 |         74 |         62 |      12 |    0 |    34 |      0 |      0 |          0 |
|             fifo_array[10].circle_reg_inft |                      pp_circle_reg_484 |         73 |         61 |      12 |    0 |    34 |      0 |      0 |          0 |
|             fifo_array[11].circle_reg_inft |                      pp_circle_reg_485 |         74 |         62 |      12 |    0 |    34 |      0 |      0 |          0 |
|             fifo_array[1].circle_reg_inft  |                      pp_circle_reg_486 |         73 |         61 |      12 |    0 |    34 |      0 |      0 |          0 |
|             fifo_array[2].circle_reg_inft  |                      pp_circle_reg_487 |         73 |         61 |      12 |    0 |    34 |      0 |      0 |          0 |
|             fifo_array[3].circle_reg_inft  |                      pp_circle_reg_488 |         74 |         62 |      12 |    0 |    34 |      0 |      0 |          0 |
|             fifo_array[4].circle_reg_inft  |                      pp_circle_reg_489 |         74 |         62 |      12 |    0 |    34 |      0 |      0 |          0 |
|             fifo_array[5].circle_reg_inft  |                      pp_circle_reg_490 |         73 |         61 |      12 |    0 |    34 |      0 |      0 |          0 |
|             fifo_array[6].circle_reg_inft  |                      pp_circle_reg_491 |         74 |         62 |      12 |    0 |    34 |      0 |      0 |          0 |
|             fifo_array[7].circle_reg_inft  |                      pp_circle_reg_492 |         74 |         62 |      12 |    0 |    34 |      0 |      0 |          0 |
|             fifo_array[8].circle_reg_inft  |                      pp_circle_reg_493 |         74 |         62 |      12 |    0 |    34 |      0 |      0 |          0 |
|             fifo_array[9].circle_reg_inft  |                      pp_circle_reg_494 |         74 |         62 |      12 |    0 |    34 |      0 |      0 |          0 |
|           gen_fltc[2].flt_cache_uut        |                       filter_cache_409 |       1054 |        910 |     144 |    0 |   419 |      0 |      0 |          0 |
|             (gen_fltc[2].flt_cache_uut)    |                       filter_cache_409 |         28 |         28 |       0 |    0 |    11 |      0 |      0 |          0 |
|             fifo_array[0].circle_reg_inft  |                      pp_circle_reg_447 |         88 |         76 |      12 |    0 |    34 |      0 |      0 |          0 |
|             fifo_array[10].circle_reg_inft |                      pp_circle_reg_448 |         86 |         74 |      12 |    0 |    34 |      0 |      0 |          0 |
|             fifo_array[11].circle_reg_inft |                      pp_circle_reg_449 |         88 |         76 |      12 |    0 |    34 |      0 |      0 |          0 |
|             fifo_array[1].circle_reg_inft  |                      pp_circle_reg_450 |         86 |         74 |      12 |    0 |    34 |      0 |      0 |          0 |
|             fifo_array[2].circle_reg_inft  |                      pp_circle_reg_451 |         86 |         74 |      12 |    0 |    34 |      0 |      0 |          0 |
|             fifo_array[3].circle_reg_inft  |                      pp_circle_reg_452 |         86 |         74 |      12 |    0 |    34 |      0 |      0 |          0 |
|             fifo_array[4].circle_reg_inft  |                      pp_circle_reg_453 |         86 |         74 |      12 |    0 |    34 |      0 |      0 |          0 |
|             fifo_array[5].circle_reg_inft  |                      pp_circle_reg_454 |         86 |         74 |      12 |    0 |    34 |      0 |      0 |          0 |
|             fifo_array[6].circle_reg_inft  |                      pp_circle_reg_455 |         86 |         74 |      12 |    0 |    34 |      0 |      0 |          0 |
|             fifo_array[7].circle_reg_inft  |                      pp_circle_reg_456 |         85 |         73 |      12 |    0 |    34 |      0 |      0 |          0 |
|             fifo_array[8].circle_reg_inft  |                      pp_circle_reg_457 |         86 |         74 |      12 |    0 |    34 |      0 |      0 |          0 |
|             fifo_array[9].circle_reg_inft  |                      pp_circle_reg_458 |         86 |         74 |      12 |    0 |    34 |      0 |      0 |          0 |
|           gen_fltc[3].flt_cache_uut        |                       filter_cache_410 |       1065 |        921 |     144 |    0 |   419 |      0 |      0 |          0 |
|             (gen_fltc[3].flt_cache_uut)    |                       filter_cache_410 |         27 |         27 |       0 |    0 |    11 |      0 |      0 |          0 |
|             fifo_array[0].circle_reg_inft  |                      pp_circle_reg_411 |         88 |         76 |      12 |    0 |    34 |      0 |      0 |          0 |
|             fifo_array[10].circle_reg_inft |                      pp_circle_reg_412 |         87 |         75 |      12 |    0 |    34 |      0 |      0 |          0 |
|             fifo_array[11].circle_reg_inft |                      pp_circle_reg_413 |         87 |         75 |      12 |    0 |    34 |      0 |      0 |          0 |
|             fifo_array[1].circle_reg_inft  |                      pp_circle_reg_414 |         87 |         75 |      12 |    0 |    34 |      0 |      0 |          0 |
|             fifo_array[2].circle_reg_inft  |                      pp_circle_reg_415 |         88 |         76 |      12 |    0 |    34 |      0 |      0 |          0 |
|             fifo_array[3].circle_reg_inft  |                      pp_circle_reg_416 |         88 |         76 |      12 |    0 |    34 |      0 |      0 |          0 |
|             fifo_array[4].circle_reg_inft  |                      pp_circle_reg_417 |         87 |         75 |      12 |    0 |    34 |      0 |      0 |          0 |
|             fifo_array[5].circle_reg_inft  |                      pp_circle_reg_418 |         87 |         75 |      12 |    0 |    34 |      0 |      0 |          0 |
|             fifo_array[6].circle_reg_inft  |                      pp_circle_reg_419 |         87 |         75 |      12 |    0 |    34 |      0 |      0 |          0 |
|             fifo_array[7].circle_reg_inft  |                      pp_circle_reg_420 |         87 |         75 |      12 |    0 |    34 |      0 |      0 |          0 |
|             fifo_array[8].circle_reg_inft  |                      pp_circle_reg_421 |         87 |         75 |      12 |    0 |    34 |      0 |      0 |          0 |
|             fifo_array[9].circle_reg_inft  |                      pp_circle_reg_422 |         87 |         75 |      12 |    0 |    34 |      0 |      0 |          0 |
|         gen_comp_pu[0].scale_ReLU_inft     |                             scale_ReLU |        841 |        841 |       0 |    0 |   745 |      0 |      0 |          8 |
|         gen_comp_pu[1].comp_pu_inft        |                            comp_pu_178 |      11291 |      10712 |     576 |    3 |  7697 |      0 |     24 |          0 |
|           (gen_comp_pu[1].comp_pu_inft)    |                            comp_pu_178 |          0 |          0 |       0 |    0 |    12 |      0 |      0 |          0 |
|           comp_pe_array[0].comp_pe_uut     |                                comp_pe |        411 |        408 |       0 |    3 |   423 |      0 |      0 |          0 |
|           comp_pe_array[0].pp_uut          |                      pu_ping_pong_fifo |        195 |        195 |       0 |    0 |    72 |      0 |      2 |          0 |
|             fifo1                          |                          fifo_bram_378 |        145 |        145 |       0 |    0 |    36 |      0 |      1 |          0 |
|             fifo2                          |                          fifo_bram_379 |         50 |         50 |       0 |    0 |    36 |      0 |      1 |          0 |
|           comp_pe_array[10].comp_pe_uut    |                comp_pe__parameterized9 |        431 |        431 |       0 |    0 |   421 |      0 |      0 |          0 |
|           comp_pe_array[10].pp_uut         |                  pu_ping_pong_fifo_180 |        197 |        197 |       0 |    0 |    72 |      0 |      2 |          0 |
|             fifo1                          |                          fifo_bram_374 |        145 |        145 |       0 |    0 |    36 |      0 |      1 |          0 |
|             fifo2                          |                          fifo_bram_375 |         52 |         52 |       0 |    0 |    36 |      0 |      1 |          0 |
|           comp_pe_array[11].comp_pe_uut    |               comp_pe__parameterized10 |        432 |        432 |       0 |    0 |   421 |      0 |      0 |          0 |
|           comp_pe_array[11].pp_uut         |                  pu_ping_pong_fifo_181 |        161 |        161 |       0 |    0 |   136 |      0 |      2 |          0 |
|             fifo1                          |                          fifo_bram_370 |         96 |         96 |       0 |    0 |   100 |      0 |      1 |          0 |
|             fifo2                          |                          fifo_bram_371 |         66 |         66 |       0 |    0 |    36 |      0 |      1 |          0 |
|           comp_pe_array[1].comp_pe_uut     |                comp_pe__parameterized0 |        431 |        431 |       0 |    0 |   421 |      0 |      0 |          0 |
|           comp_pe_array[1].pp_uut          |                  pu_ping_pong_fifo_182 |        196 |        196 |       0 |    0 |    72 |      0 |      2 |          0 |
|             fifo1                          |                          fifo_bram_366 |        145 |        145 |       0 |    0 |    36 |      0 |      1 |          0 |
|             fifo2                          |                          fifo_bram_367 |         51 |         51 |       0 |    0 |    36 |      0 |      1 |          0 |
|           comp_pe_array[2].comp_pe_uut     |                comp_pe__parameterized1 |        431 |        431 |       0 |    0 |   421 |      0 |      0 |          0 |
|           comp_pe_array[2].pp_uut          |                  pu_ping_pong_fifo_183 |        196 |        196 |       0 |    0 |    72 |      0 |      2 |          0 |
|             fifo1                          |                          fifo_bram_362 |        145 |        145 |       0 |    0 |    36 |      0 |      1 |          0 |
|             fifo2                          |                          fifo_bram_363 |         51 |         51 |       0 |    0 |    36 |      0 |      1 |          0 |
|           comp_pe_array[3].comp_pe_uut     |                comp_pe__parameterized2 |        428 |        428 |       0 |    0 |   421 |      0 |      0 |          0 |
|           comp_pe_array[3].pp_uut          |                  pu_ping_pong_fifo_184 |        195 |        195 |       0 |    0 |    72 |      0 |      2 |          0 |
|             fifo1                          |                          fifo_bram_358 |        145 |        145 |       0 |    0 |    36 |      0 |      1 |          0 |
|             fifo2                          |                          fifo_bram_359 |         51 |         51 |       0 |    0 |    36 |      0 |      1 |          0 |
|           comp_pe_array[4].comp_pe_uut     |                comp_pe__parameterized3 |        431 |        431 |       0 |    0 |   421 |      0 |      0 |          0 |
|           comp_pe_array[4].pp_uut          |                  pu_ping_pong_fifo_185 |        196 |        196 |       0 |    0 |    72 |      0 |      2 |          0 |
|             fifo1                          |                          fifo_bram_354 |        145 |        145 |       0 |    0 |    36 |      0 |      1 |          0 |
|             fifo2                          |                          fifo_bram_355 |         51 |         51 |       0 |    0 |    36 |      0 |      1 |          0 |
|           comp_pe_array[5].comp_pe_uut     |                comp_pe__parameterized4 |        428 |        428 |       0 |    0 |   421 |      0 |      0 |          0 |
|           comp_pe_array[5].pp_uut          |                  pu_ping_pong_fifo_186 |        196 |        196 |       0 |    0 |    73 |      0 |      2 |          0 |
|             fifo1                          |                          fifo_bram_350 |        145 |        145 |       0 |    0 |    36 |      0 |      1 |          0 |
|             fifo2                          |                          fifo_bram_351 |         51 |         51 |       0 |    0 |    37 |      0 |      1 |          0 |
|           comp_pe_array[6].comp_pe_uut     |                comp_pe__parameterized5 |        431 |        431 |       0 |    0 |   421 |      0 |      0 |          0 |
|           comp_pe_array[6].pp_uut          |                  pu_ping_pong_fifo_187 |        196 |        196 |       0 |    0 |    72 |      0 |      2 |          0 |
|             fifo1                          |                          fifo_bram_346 |        145 |        145 |       0 |    0 |    36 |      0 |      1 |          0 |
|             fifo2                          |                          fifo_bram_347 |         51 |         51 |       0 |    0 |    36 |      0 |      1 |          0 |
|           comp_pe_array[7].comp_pe_uut     |                comp_pe__parameterized6 |        429 |        429 |       0 |    0 |   421 |      0 |      0 |          0 |
|           comp_pe_array[7].pp_uut          |                  pu_ping_pong_fifo_188 |        196 |        196 |       0 |    0 |    72 |      0 |      2 |          0 |
|             fifo1                          |                          fifo_bram_342 |        145 |        145 |       0 |    0 |    36 |      0 |      1 |          0 |
|             fifo2                          |                          fifo_bram_343 |         51 |         51 |       0 |    0 |    36 |      0 |      1 |          0 |
|           comp_pe_array[8].comp_pe_uut     |                comp_pe__parameterized7 |        432 |        432 |       0 |    0 |   421 |      0 |      0 |          0 |
|           comp_pe_array[8].pp_uut          |                  pu_ping_pong_fifo_189 |        196 |        196 |       0 |    0 |    72 |      0 |      2 |          0 |
|             fifo1                          |                          fifo_bram_338 |        145 |        145 |       0 |    0 |    36 |      0 |      1 |          0 |
|             fifo2                          |                          fifo_bram_339 |         51 |         51 |       0 |    0 |    36 |      0 |      1 |          0 |
|           comp_pe_array[9].comp_pe_uut     |                comp_pe__parameterized8 |        428 |        428 |       0 |    0 |   421 |      0 |      0 |          0 |
|           comp_pe_array[9].pp_uut          |                  pu_ping_pong_fifo_190 |        196 |        196 |       0 |    0 |    72 |      0 |      2 |          0 |
|             fifo1                          |                              fifo_bram |        145 |        145 |       0 |    0 |    36 |      0 |      1 |          0 |
|             fifo2                          |                          fifo_bram_336 |         51 |         51 |       0 |    0 |    36 |      0 |      1 |          0 |
|           cwc_uut                          |                           comp_wr_ctrl |        203 |        203 |       0 |    0 |    26 |      0 |      0 |          0 |
|           gen_fltc[0].flt_cache_uut        |                           filter_cache |        934 |        790 |     144 |    0 |   419 |      0 |      0 |          0 |
|             (gen_fltc[0].flt_cache_uut)    |                           filter_cache |          7 |          7 |       0 |    0 |    11 |      0 |      0 |          0 |
|             fifo_array[0].circle_reg_inft  |                      pp_circle_reg_300 |         78 |         66 |      12 |    0 |    34 |      0 |      0 |          0 |
|             fifo_array[10].circle_reg_inft |                      pp_circle_reg_301 |         78 |         66 |      12 |    0 |    34 |      0 |      0 |          0 |
|             fifo_array[11].circle_reg_inft |                      pp_circle_reg_302 |         78 |         66 |      12 |    0 |    34 |      0 |      0 |          0 |
|             fifo_array[1].circle_reg_inft  |                      pp_circle_reg_303 |         78 |         66 |      12 |    0 |    34 |      0 |      0 |          0 |
|             fifo_array[2].circle_reg_inft  |                      pp_circle_reg_304 |         77 |         65 |      12 |    0 |    34 |      0 |      0 |          0 |
|             fifo_array[3].circle_reg_inft  |                      pp_circle_reg_305 |         77 |         65 |      12 |    0 |    34 |      0 |      0 |          0 |
|             fifo_array[4].circle_reg_inft  |                      pp_circle_reg_306 |         78 |         66 |      12 |    0 |    34 |      0 |      0 |          0 |
|             fifo_array[5].circle_reg_inft  |                      pp_circle_reg_307 |         78 |         66 |      12 |    0 |    34 |      0 |      0 |          0 |
|             fifo_array[6].circle_reg_inft  |                      pp_circle_reg_308 |         77 |         65 |      12 |    0 |    34 |      0 |      0 |          0 |
|             fifo_array[7].circle_reg_inft  |                      pp_circle_reg_309 |         78 |         66 |      12 |    0 |    34 |      0 |      0 |          0 |
|             fifo_array[8].circle_reg_inft  |                      pp_circle_reg_310 |         78 |         66 |      12 |    0 |    34 |      0 |      0 |          0 |
|             fifo_array[9].circle_reg_inft  |                      pp_circle_reg_311 |         78 |         66 |      12 |    0 |    34 |      0 |      0 |          0 |
|           gen_fltc[1].flt_cache_uut        |                       filter_cache_191 |        816 |        672 |     144 |    0 |   419 |      0 |      0 |          0 |
|             (gen_fltc[1].flt_cache_uut)    |                       filter_cache_191 |          7 |          7 |       0 |    0 |    11 |      0 |      0 |          0 |
|             fifo_array[0].circle_reg_inft  |                      pp_circle_reg_264 |         68 |         56 |      12 |    0 |    34 |      0 |      0 |          0 |
|             fifo_array[10].circle_reg_inft |                      pp_circle_reg_265 |         68 |         56 |      12 |    0 |    34 |      0 |      0 |          0 |
|             fifo_array[11].circle_reg_inft |                      pp_circle_reg_266 |         68 |         56 |      12 |    0 |    34 |      0 |      0 |          0 |
|             fifo_array[1].circle_reg_inft  |                      pp_circle_reg_267 |         68 |         56 |      12 |    0 |    34 |      0 |      0 |          0 |
|             fifo_array[2].circle_reg_inft  |                      pp_circle_reg_268 |         68 |         56 |      12 |    0 |    34 |      0 |      0 |          0 |
|             fifo_array[3].circle_reg_inft  |                      pp_circle_reg_269 |         68 |         56 |      12 |    0 |    34 |      0 |      0 |          0 |
|             fifo_array[4].circle_reg_inft  |                      pp_circle_reg_270 |         68 |         56 |      12 |    0 |    34 |      0 |      0 |          0 |
|             fifo_array[5].circle_reg_inft  |                      pp_circle_reg_271 |         68 |         56 |      12 |    0 |    34 |      0 |      0 |          0 |
|             fifo_array[6].circle_reg_inft  |                      pp_circle_reg_272 |         68 |         56 |      12 |    0 |    34 |      0 |      0 |          0 |
|             fifo_array[7].circle_reg_inft  |                      pp_circle_reg_273 |         68 |         56 |      12 |    0 |    34 |      0 |      0 |          0 |
|             fifo_array[8].circle_reg_inft  |                      pp_circle_reg_274 |         68 |         56 |      12 |    0 |    34 |      0 |      0 |          0 |
|             fifo_array[9].circle_reg_inft  |                      pp_circle_reg_275 |         68 |         56 |      12 |    0 |    34 |      0 |      0 |          0 |
|           gen_fltc[2].flt_cache_uut        |                       filter_cache_192 |        939 |        795 |     144 |    0 |   419 |      0 |      0 |          0 |
|             (gen_fltc[2].flt_cache_uut)    |                       filter_cache_192 |          7 |          7 |       0 |    0 |    11 |      0 |      0 |          0 |
|             fifo_array[0].circle_reg_inft  |                      pp_circle_reg_228 |         78 |         66 |      12 |    0 |    34 |      0 |      0 |          0 |
|             fifo_array[10].circle_reg_inft |                      pp_circle_reg_229 |         78 |         66 |      12 |    0 |    34 |      0 |      0 |          0 |
|             fifo_array[11].circle_reg_inft |                      pp_circle_reg_230 |         78 |         66 |      12 |    0 |    34 |      0 |      0 |          0 |
|             fifo_array[1].circle_reg_inft  |                      pp_circle_reg_231 |         78 |         66 |      12 |    0 |    34 |      0 |      0 |          0 |
|             fifo_array[2].circle_reg_inft  |                      pp_circle_reg_232 |         77 |         65 |      12 |    0 |    34 |      0 |      0 |          0 |
|             fifo_array[3].circle_reg_inft  |                      pp_circle_reg_233 |         78 |         66 |      12 |    0 |    34 |      0 |      0 |          0 |
|             fifo_array[4].circle_reg_inft  |                      pp_circle_reg_234 |         78 |         66 |      12 |    0 |    34 |      0 |      0 |          0 |
|             fifo_array[5].circle_reg_inft  |                      pp_circle_reg_235 |         78 |         66 |      12 |    0 |    34 |      0 |      0 |          0 |
|             fifo_array[6].circle_reg_inft  |                      pp_circle_reg_236 |         78 |         66 |      12 |    0 |    34 |      0 |      0 |          0 |
|             fifo_array[7].circle_reg_inft  |                      pp_circle_reg_237 |         78 |         66 |      12 |    0 |    34 |      0 |      0 |          0 |
|             fifo_array[8].circle_reg_inft  |                      pp_circle_reg_238 |         78 |         66 |      12 |    0 |    34 |      0 |      0 |          0 |
|             fifo_array[9].circle_reg_inft  |                      pp_circle_reg_239 |         78 |         66 |      12 |    0 |    34 |      0 |      0 |          0 |
|           gen_fltc[3].flt_cache_uut        |                       filter_cache_193 |        945 |        801 |     144 |    0 |   419 |      0 |      0 |          0 |
|             (gen_fltc[3].flt_cache_uut)    |                       filter_cache_193 |          7 |          7 |       0 |    0 |    11 |      0 |      0 |          0 |
|             fifo_array[0].circle_reg_inft  |                          pp_circle_reg |         79 |         67 |      12 |    0 |    34 |      0 |      0 |          0 |
|             fifo_array[10].circle_reg_inft |                      pp_circle_reg_194 |         79 |         67 |      12 |    0 |    34 |      0 |      0 |          0 |
|             fifo_array[11].circle_reg_inft |                      pp_circle_reg_195 |         79 |         67 |      12 |    0 |    34 |      0 |      0 |          0 |
|             fifo_array[1].circle_reg_inft  |                      pp_circle_reg_196 |         78 |         66 |      12 |    0 |    34 |      0 |      0 |          0 |
|             fifo_array[2].circle_reg_inft  |                      pp_circle_reg_197 |         78 |         66 |      12 |    0 |    34 |      0 |      0 |          0 |
|             fifo_array[3].circle_reg_inft  |                      pp_circle_reg_198 |         79 |         67 |      12 |    0 |    34 |      0 |      0 |          0 |
|             fifo_array[4].circle_reg_inft  |                      pp_circle_reg_199 |         79 |         67 |      12 |    0 |    34 |      0 |      0 |          0 |
|             fifo_array[5].circle_reg_inft  |                      pp_circle_reg_200 |         79 |         67 |      12 |    0 |    34 |      0 |      0 |          0 |
|             fifo_array[6].circle_reg_inft  |                      pp_circle_reg_201 |         78 |         66 |      12 |    0 |    34 |      0 |      0 |          0 |
|             fifo_array[7].circle_reg_inft  |                      pp_circle_reg_202 |         79 |         67 |      12 |    0 |    34 |      0 |      0 |          0 |
|             fifo_array[8].circle_reg_inft  |                      pp_circle_reg_203 |         79 |         67 |      12 |    0 |    34 |      0 |      0 |          0 |
|             fifo_array[9].circle_reg_inft  |                      pp_circle_reg_204 |         79 |         67 |      12 |    0 |    34 |      0 |      0 |          0 |
|         gen_comp_pu[1].scale_ReLU_inft     |                         scale_ReLU_179 |        840 |        840 |       0 |    0 |   745 |      0 |      0 |          8 |
|         ifmap_cache_inft                   |                            ifmap_cache |        931 |        905 |      26 |    0 |    31 |      0 |      0 |          0 |
|           (ifmap_cache_inft)               |                            ifmap_cache |         55 |         55 |       0 |    0 |    10 |      0 |      0 |          0 |
|           ifmap_cache_uut                  |                 fifo_n__parameterized3 |        876 |        850 |      26 |    0 |    21 |      0 |      0 |          0 |
|       u_filter_buf                         |                             filter_buf |       1172 |       1172 |       0 |    0 |  1073 |     16 |      0 |          0 |
|         (u_filter_buf)                     |                             filter_buf |        760 |        760 |       0 |    0 |   745 |      0 |      0 |          0 |
|         gen_fltbuf_cache[0].u_cache_inft   |                           fltbuf_cache |        184 |        184 |       0 |    0 |    41 |      2 |      0 |          0 |
|         gen_fltbuf_cache[1].u_cache_inft   |                       fltbuf_cache_169 |         18 |         18 |       0 |    0 |    41 |      2 |      0 |          0 |
|         gen_fltbuf_cache[2].u_cache_inft   |                       fltbuf_cache_170 |         17 |         17 |       0 |    0 |    41 |      2 |      0 |          0 |
|         gen_fltbuf_cache[3].u_cache_inft   |                       fltbuf_cache_171 |         18 |         18 |       0 |    0 |    41 |      2 |      0 |          0 |
|         gen_fltbuf_cache[4].u_cache_inft   |                       fltbuf_cache_172 |         31 |         31 |       0 |    0 |    41 |      2 |      0 |          0 |
|         gen_fltbuf_cache[5].u_cache_inft   |                       fltbuf_cache_173 |         20 |         20 |       0 |    0 |    41 |      2 |      0 |          0 |
|         gen_fltbuf_cache[6].u_cache_inft   |                       fltbuf_cache_174 |         22 |         22 |       0 |    0 |    41 |      2 |      0 |          0 |
|         gen_fltbuf_cache[7].u_cache_inft   |                       fltbuf_cache_175 |        109 |        109 |       0 |    0 |    41 |      2 |      0 |          0 |
|       u_ifbuf                              |                                  ifbuf |        847 |        847 |       0 |    0 |   521 |      0 |      8 |          0 |
|         (u_ifbuf)                          |                                  ifbuf |        294 |        294 |       0 |    0 |   233 |      0 |      0 |          0 |
|         ifbuf_uut                          |                  ping_pong_circle_fifo |        214 |        214 |       0 |    0 |    72 |      0 |      2 |          0 |
|           fifo1                            |                       fifo_bram_zp_165 |        108 |        108 |       0 |    0 |    36 |      0 |      1 |          0 |
|             fifo_bram_zp_uut               |             fifo_n__parameterized0_168 |        108 |        108 |       0 |    0 |    36 |      0 |      1 |          0 |
|           fifo2                            |                       fifo_bram_zp_166 |        109 |        109 |       0 |    0 |    36 |      0 |      1 |          0 |
|             fifo_bram_zp_uut               |             fifo_n__parameterized0_167 |        109 |        109 |       0 |    0 |    36 |      0 |      1 |          0 |
|         ping_pong[1].ifbuf_uut             |                        ping_pong_ifbuf |        115 |        115 |       0 |    0 |    72 |      0 |      2 |          0 |
|           ifbuf_mem0                       |                       fifo_bram_zp_161 |         61 |         61 |       0 |    0 |    36 |      0 |      1 |          0 |
|             fifo_bram_zp_uut               |             fifo_n__parameterized0_164 |         61 |         61 |       0 |    0 |    36 |      0 |      1 |          0 |
|           ifbuf_mem1                       |                       fifo_bram_zp_162 |         54 |         54 |       0 |    0 |    36 |      0 |      1 |          0 |
|             fifo_bram_zp_uut               |             fifo_n__parameterized0_163 |         54 |         54 |       0 |    0 |    36 |      0 |      1 |          0 |
|         ping_pong[2].ifbuf_uut             |                    ping_pong_ifbuf_153 |        114 |        114 |       0 |    0 |    72 |      0 |      2 |          0 |
|           ifbuf_mem0                       |                       fifo_bram_zp_157 |         61 |         61 |       0 |    0 |    36 |      0 |      1 |          0 |
|             fifo_bram_zp_uut               |             fifo_n__parameterized0_160 |         61 |         61 |       0 |    0 |    36 |      0 |      1 |          0 |
|           ifbuf_mem1                       |                       fifo_bram_zp_158 |         53 |         53 |       0 |    0 |    36 |      0 |      1 |          0 |
|             fifo_bram_zp_uut               |             fifo_n__parameterized0_159 |         53 |         53 |       0 |    0 |    36 |      0 |      1 |          0 |
|         ping_pong[3].ifbuf_uut             |                    ping_pong_ifbuf_154 |        113 |        113 |       0 |    0 |    72 |      0 |      2 |          0 |
|           ifbuf_mem0                       |                           fifo_bram_zp |         60 |         60 |       0 |    0 |    36 |      0 |      1 |          0 |
|             fifo_bram_zp_uut               |             fifo_n__parameterized0_156 |         60 |         60 |       0 |    0 |    36 |      0 |      1 |          0 |
|           ifbuf_mem1                       |                       fifo_bram_zp_155 |         53 |         53 |       0 |    0 |    36 |      0 |      1 |          0 |
|             fifo_bram_zp_uut               |                 fifo_n__parameterized0 |         53 |         53 |       0 |    0 |    36 |      0 |      1 |          0 |
|       u_instruction_table                  |                      instruction_table |       1209 |       1033 |     176 |    0 |    21 |      0 |      0 |          0 |
|         fifo_bram_uut                      |                                 fifo_n |       1209 |       1033 |     176 |    0 |    21 |      0 |      0 |          0 |
|       u_layer_info                         |                             layer_info |        151 |        151 |       0 |    0 |   373 |      0 |      0 |          3 |
|         (u_layer_info)                     |                             layer_info |        145 |        145 |       0 |    0 |   372 |      0 |      0 |          3 |
|         d                                  |                  posedge_detection_152 |          6 |          6 |       0 |    0 |     1 |      0 |      0 |          0 |
|       u_ofbuf                              |                                  ofbuf |        551 |        551 |       0 |    0 |   357 |      0 |      2 |          0 |
|         (u_ofbuf)                          |                                  ofbuf |        421 |        421 |       0 |    0 |   268 |      0 |      0 |          0 |
|         f                                  |                  posedge_detection_149 |          2 |          2 |       0 |    0 |     1 |      0 |      0 |          0 |
|         ofbuf_fifo0                        |              fifo_bram__parameterized0 |         64 |         64 |       0 |    0 |    44 |      0 |      1 |          0 |
|           fifo_bram_uut                    |             fifo_n__parameterized4_151 |         64 |         64 |       0 |    0 |    44 |      0 |      1 |          0 |
|         ofbuf_fifo1                        |          fifo_bram__parameterized0_150 |         66 |         66 |       0 |    0 |    44 |      0 |      1 |          0 |
|           fifo_bram_uut                    |                 fifo_n__parameterized4 |         66 |         66 |       0 |    0 |    44 |      0 |      1 |          0 |
|       u_skid_layer_info_biasbuf            |            skid_buffer__parameterized2 |         73 |         73 |       0 |    0 |   126 |      0 |      0 |          0 |
|       u_skid_layer_info_comp               |            skid_buffer__parameterized3 |          2 |          2 |       0 |    0 |   270 |      0 |      0 |          0 |
|       u_skid_layer_info_fltbuf             |            skid_buffer__parameterized1 |         90 |         90 |       0 |    0 |   168 |      0 |      0 |          0 |
|       u_skid_layer_info_ifbuf              |            skid_buffer__parameterized0 |        100 |        100 |       0 |    0 |   198 |      0 |      0 |          0 |
|       u_skid_layer_info_ofbuf              |            skid_buffer__parameterized4 |         97 |         97 |       0 |    0 |   190 |      0 |      0 |          0 |
|   cnn_ifbuf_source_mux                     |                      cnn_ifbuf_dma_mux |          8 |          8 |       0 |    0 |     0 |      0 |      0 |          0 |
|   cpu0                                     |                           picorv32_axi |       2220 |       2132 |      88 |    0 |  1168 |      0 |      0 |          0 |
|     (cpu0)                                 |                           picorv32_axi |         12 |         12 |       0 |    0 |     0 |      0 |      0 |          0 |
|     axi_adapter                            |                   picorv32_axi_adapter |          3 |          3 |       0 |    0 |     4 |      0 |      0 |          0 |
|     picorv32_core                          |                               picorv32 |       2205 |       2117 |      88 |    0 |  1164 |      0 |      0 |          0 |
|       (picorv32_core)                      |                               picorv32 |       1506 |       1418 |      88 |    0 |   709 |      0 |      0 |          0 |
|       pcpi_div                             |                      picorv32_pcpi_div |        349 |        349 |       0 |    0 |   200 |      0 |      0 |          0 |
|       pcpi_mul                             |                      picorv32_pcpi_mul |        354 |        354 |       0 |    0 |   255 |      0 |      0 |          0 |
|   dmem_cpu                                 |                           mem_axi_lite |          8 |          8 |       0 |    0 |   106 |     16 |      0 |          0 |
|     mem_axi_lite_interface                 |           axi_lite_slave_interface_136 |          8 |          8 |       0 |    0 |   106 |      0 |      0 |          0 |
|       AR_slave                             |                         tick_timer_137 |          1 |          1 |       0 |    0 |     2 |      0 |      0 |          0 |
|       AW_slave                             |                         tick_timer_138 |          1 |          1 |       0 |    0 |     2 |      0 |      0 |          0 |
|       B_slave                              |                         tick_timer_139 |          1 |          1 |       0 |    0 |     2 |      0 |      0 |          0 |
|       R_slave                              |                         tick_timer_140 |          1 |          1 |       0 |    0 |     2 |      0 |      0 |          0 |
|       W_slave                              |                         tick_timer_141 |          2 |          2 |       0 |    0 |     2 |      0 |      0 |          0 |
|       register_DFF_AR_0                    |                   register_DFF_new_142 |          0 |          0 |       0 |    0 |    14 |      0 |      0 |          0 |
|       register_DFF_AW_0                    |                   register_DFF_new_143 |          0 |          0 |       0 |    0 |    14 |      0 |      0 |          0 |
|       register_DFF_R_0                     |                   register_DFF_new_144 |          1 |          1 |       0 |    0 |    32 |      0 |      0 |          0 |
|       register_DFF_W_0                     |                   register_DFF_new_145 |          1 |          1 |       0 |    0 |    32 |      0 |      0 |          0 |
|       register_DFF_W_1                     |   register_DFF_new__parameterized1_146 |          0 |          0 |       0 |    0 |     4 |      0 |      0 |          0 |
|     mem_register_unit                      |                           mem_register |          0 |          0 |       0 |    0 |     0 |     16 |      0 |          0 |
|   gpio                                     |                     GPIO_axi_lite_core |         30 |         30 |       0 |    0 |    91 |      0 |      0 |          0 |
|     (gpio)                                 |                     GPIO_axi_lite_core |          0 |          0 |       0 |    0 |    17 |      0 |      0 |          0 |
|     GPIO_core_uut                          |                              GPIO_core |          0 |          0 |       0 |    0 |    24 |      0 |      0 |          0 |
|       u_gpi                                |                                    GPI |          0 |          0 |       0 |    0 |    16 |      0 |      0 |          0 |
|       u_gpo                                |                                    GPO |          0 |          0 |       0 |    0 |     8 |      0 |      0 |          0 |
|     timer_axi_lite_interface               |           axi_lite_slave_interface_126 |         30 |         30 |       0 |    0 |    50 |      0 |      0 |          0 |
|       AR_slave                             |                         tick_timer_127 |          1 |          1 |       0 |    0 |     2 |      0 |      0 |          0 |
|       AW_slave                             |                         tick_timer_128 |          1 |          1 |       0 |    0 |     2 |      0 |      0 |          0 |
|       B_slave                              |                         tick_timer_129 |          1 |          1 |       0 |    0 |     2 |      0 |      0 |          0 |
|       R_slave                              |                         tick_timer_130 |          1 |          1 |       0 |    0 |     2 |      0 |      0 |          0 |
|       W_slave                              |                         tick_timer_131 |          1 |          1 |       0 |    0 |     2 |      0 |      0 |          0 |
|       register_DFF_AR_0                    |                   register_DFF_new_132 |         12 |         12 |       0 |    0 |    11 |      0 |      0 |          0 |
|       register_DFF_AW_0                    |                   register_DFF_new_133 |          4 |          4 |       0 |    0 |    11 |      0 |      0 |          0 |
|       register_DFF_R_0                     |                   register_DFF_new_134 |          0 |          0 |       0 |    0 |     9 |      0 |      0 |          0 |
|       register_DFF_W_0                     |                   register_DFF_new_135 |          9 |          9 |       0 |    0 |     9 |      0 |      0 |          0 |
|   hyperram0                                |                 hyperram_axi_lite_core |        685 |        493 |     192 |    0 |   546 |      0 |      0 |          0 |
|     (hyperram0)                            |                 hyperram_axi_lite_core |          0 |          0 |       0 |    0 |   160 |      0 |      0 |          0 |
|     coordinator_center_dmac                |                        dmac_peri2accel |        163 |        163 |       0 |    0 |   128 |      0 |      0 |          0 |
|       arbiter_channel_dmac                 |                        arbiter_dma_124 |         47 |         47 |       0 |    0 |    31 |      0 |      0 |          0 |
|         counter_arbiter_unit               |            counter_arbiter_dma_dma_125 |         47 |         47 |       0 |    0 |    31 |      0 |      0 |          0 |
|       coordinator_center_dmac              |                     coordinator_center |        116 |        116 |       0 |    0 |    97 |      0 |      0 |          0 |
|         (coordinator_center_dmac)          |                     coordinator_center |         89 |         89 |       0 |    0 |    87 |      0 |      0 |          0 |
|         gen_id_fifo.internal_id_queue      |                     fifo_hyperbus_unit |         27 |         27 |       0 |    0 |    10 |      0 |      0 |          0 |
|           fifo_ctrl_hyperbus_unit          |                     fifo_ctrl_hyperbus |         27 |         27 |       0 |    0 |    10 |      0 |      0 |          0 |
|     hyperram_axi_lite_interface            |            axi_lite_slave_interface_96 |         89 |         89 |       0 |    0 |    88 |      0 |      0 |          0 |
|       AR_slave                             |                         tick_timer_115 |          1 |          1 |       0 |    0 |     2 |      0 |      0 |          0 |
|       AW_slave                             |                         tick_timer_116 |          1 |          1 |       0 |    0 |     2 |      0 |      0 |          0 |
|       B_slave                              |                         tick_timer_117 |          1 |          1 |       0 |    0 |     2 |      0 |      0 |          0 |
|       R_slave                              |                         tick_timer_118 |          1 |          1 |       0 |    0 |     2 |      0 |      0 |          0 |
|       W_slave                              |                         tick_timer_119 |          2 |          2 |       0 |    0 |     2 |      0 |      0 |          0 |
|       register_DFF_AR_0                    |                   register_DFF_new_120 |         76 |         76 |       0 |    0 |     7 |      0 |      0 |          0 |
|       register_DFF_AW_0                    |                   register_DFF_new_121 |          5 |          5 |       0 |    0 |     7 |      0 |      0 |          0 |
|       register_DFF_R_0                     |                   register_DFF_new_122 |          1 |          1 |       0 |    0 |    32 |      0 |      0 |          0 |
|       register_DFF_W_0                     |                   register_DFF_new_123 |          1 |          1 |       0 |    0 |    32 |      0 |      0 |          0 |
|     u_hyperbus_master                      |                        hyperbus_master |        436 |        244 |     192 |    0 |   170 |      0 |      0 |          0 |
|       dut                                  |                     hyperbus_interface |        125 |        125 |       0 |    0 |   116 |      0 |      0 |          0 |
|         (dut)                              |                     hyperbus_interface |        117 |        117 |       0 |    0 |   100 |      0 |      0 |          0 |
|         dq_i_delay_line[0]                 |               prog_halfclock_delay_107 |          1 |          1 |       0 |    0 |     2 |      0 |      0 |          0 |
|         dq_i_delay_line[1]                 |               prog_halfclock_delay_108 |          1 |          1 |       0 |    0 |     2 |      0 |      0 |          0 |
|         dq_i_delay_line[2]                 |               prog_halfclock_delay_109 |          1 |          1 |       0 |    0 |     2 |      0 |      0 |          0 |
|         dq_i_delay_line[3]                 |               prog_halfclock_delay_110 |          1 |          1 |       0 |    0 |     2 |      0 |      0 |          0 |
|         dq_i_delay_line[4]                 |               prog_halfclock_delay_111 |          1 |          1 |       0 |    0 |     2 |      0 |      0 |          0 |
|         dq_i_delay_line[5]                 |               prog_halfclock_delay_112 |          1 |          1 |       0 |    0 |     2 |      0 |      0 |          0 |
|         dq_i_delay_line[6]                 |               prog_halfclock_delay_113 |          1 |          1 |       0 |    0 |     2 |      0 |      0 |          0 |
|         dq_i_delay_line[7]                 |               prog_halfclock_delay_114 |          1 |          1 |       0 |    0 |     2 |      0 |      0 |          0 |
|       edge_rdata_unit                      |              edge_detector_hyperbus_97 |          1 |          1 |       0 |    0 |     1 |      0 |      0 |          0 |
|       edge_start_unit                      |              edge_detector_hyperbus_98 |          1 |          1 |       0 |    0 |     1 |      0 |      0 |          0 |
|       edge_wdata_unit                      |              edge_detector_hyperbus_99 |          0 |          0 |       0 |    0 |     1 |      0 |      0 |          0 |
|       fifo_m                               |                        axi4_stream_100 |         48 |         48 |       0 |    0 |    29 |      0 |      0 |          0 |
|         buffer_uut                         |          fifo_unit__parameterized0_105 |         48 |         48 |       0 |    0 |    29 |      0 |      0 |          0 |
|           fifo_ctrl                        |          fifo_ctrl__parameterized0_106 |         48 |         48 |       0 |    0 |    29 |      0 |      0 |          0 |
|       fifo_s                               |        axi4_stream__parameterized0_101 |        268 |         76 |     192 |    0 |    22 |      0 |      0 |          0 |
|         buffer_uut                         |          fifo_unit__parameterized0_102 |        268 |         76 |     192 |    0 |    22 |      0 |      0 |          0 |
|           fifo_ctrl                        |          fifo_ctrl__parameterized0_103 |         35 |         35 |       0 |    0 |    22 |      0 |      0 |          0 |
|           reg_file_unit                    |      register_file__parameterized0_104 |        234 |         42 |     192 |    0 |     0 |      0 |      0 |          0 |
|   hyperram1                                | hyperram_axi_lite_core__parameterized0 |        732 |        476 |     256 |    0 |   539 |      0 |      0 |          0 |
|     (hyperram1)                            | hyperram_axi_lite_core__parameterized0 |          0 |          0 |       0 |    0 |   160 |      0 |      0 |          0 |
|     coordinator_center_dmac                |        dmac_peri2accel__parameterized0 |        151 |        151 |       0 |    0 |   119 |      0 |      0 |          0 |
|       arbiter_channel_dmac                 |                            arbiter_dma |         47 |         47 |       0 |    0 |    31 |      0 |      0 |          0 |
|         counter_arbiter_unit               |                counter_arbiter_dma_dma |         47 |         47 |       0 |    0 |    31 |      0 |      0 |          0 |
|       coordinator_center_dmac              |     coordinator_center__parameterized0 |        104 |        104 |       0 |    0 |    88 |      0 |      0 |          0 |
|     hyperram_axi_lite_interface            |            axi_lite_slave_interface_75 |         84 |         84 |       0 |    0 |    88 |      0 |      0 |          0 |
|       AR_slave                             |                          tick_timer_87 |          1 |          1 |       0 |    0 |     2 |      0 |      0 |          0 |
|       AW_slave                             |                          tick_timer_88 |          1 |          1 |       0 |    0 |     2 |      0 |      0 |          0 |
|       B_slave                              |                          tick_timer_89 |          1 |          1 |       0 |    0 |     2 |      0 |      0 |          0 |
|       R_slave                              |                          tick_timer_90 |          1 |          1 |       0 |    0 |     2 |      0 |      0 |          0 |
|       W_slave                              |                          tick_timer_91 |          2 |          2 |       0 |    0 |     2 |      0 |      0 |          0 |
|       register_DFF_AR_0                    |                    register_DFF_new_92 |         71 |         71 |       0 |    0 |     7 |      0 |      0 |          0 |
|       register_DFF_AW_0                    |                    register_DFF_new_93 |          5 |          5 |       0 |    0 |     7 |      0 |      0 |          0 |
|       register_DFF_R_0                     |                    register_DFF_new_94 |          1 |          1 |       0 |    0 |    32 |      0 |      0 |          0 |
|       register_DFF_W_0                     |                    register_DFF_new_95 |          1 |          1 |       0 |    0 |    32 |      0 |      0 |          0 |
|     u_hyperbus_master                      |        hyperbus_master__parameterized0 |        501 |        245 |     256 |    0 |   172 |      0 |      0 |          0 |
|       dut                                  |     hyperbus_interface__parameterized0 |        118 |        118 |       0 |    0 |   115 |      0 |      0 |          0 |
|         (dut)                              |     hyperbus_interface__parameterized0 |        118 |        118 |       0 |    0 |    99 |      0 |      0 |          0 |
|         dq_i_delay_line[0]                 |                   prog_halfclock_delay |          0 |          0 |       0 |    0 |     2 |      0 |      0 |          0 |
|         dq_i_delay_line[1]                 |                prog_halfclock_delay_80 |          0 |          0 |       0 |    0 |     2 |      0 |      0 |          0 |
|         dq_i_delay_line[2]                 |                prog_halfclock_delay_81 |          0 |          0 |       0 |    0 |     2 |      0 |      0 |          0 |
|         dq_i_delay_line[3]                 |                prog_halfclock_delay_82 |          0 |          0 |       0 |    0 |     2 |      0 |      0 |          0 |
|         dq_i_delay_line[4]                 |                prog_halfclock_delay_83 |          0 |          0 |       0 |    0 |     2 |      0 |      0 |          0 |
|         dq_i_delay_line[5]                 |                prog_halfclock_delay_84 |          0 |          0 |       0 |    0 |     2 |      0 |      0 |          0 |
|         dq_i_delay_line[6]                 |                prog_halfclock_delay_85 |          0 |          0 |       0 |    0 |     2 |      0 |      0 |          0 |
|         dq_i_delay_line[7]                 |                prog_halfclock_delay_86 |          0 |          0 |       0 |    0 |     2 |      0 |      0 |          0 |
|       edge_rdata_unit                      |                 edge_detector_hyperbus |          1 |          1 |       0 |    0 |     1 |      0 |      0 |          0 |
|       edge_start_unit                      |              edge_detector_hyperbus_76 |          1 |          1 |       0 |    0 |     1 |      0 |      0 |          0 |
|       edge_wdata_unit                      |              edge_detector_hyperbus_77 |          1 |          1 |       0 |    0 |     1 |      0 |      0 |          0 |
|       fifo_m                               |                            axi4_stream |         45 |         45 |       0 |    0 |    25 |      0 |      0 |          0 |
|         buffer_uut                         |           fifo_unit__parameterized0_78 |         45 |         45 |       0 |    0 |    25 |      0 |      0 |          0 |
|           fifo_ctrl                        |           fifo_ctrl__parameterized0_79 |         45 |         45 |       0 |    0 |    25 |      0 |      0 |          0 |
|       fifo_s                               |            axi4_stream__parameterized0 |        338 |         82 |     256 |    0 |    29 |      0 |      0 |          0 |
|         buffer_uut                         |              fifo_unit__parameterized0 |        338 |         82 |     256 |    0 |    29 |      0 |      0 |          0 |
|           fifo_ctrl                        |              fifo_ctrl__parameterized0 |         40 |         40 |       0 |    0 |    29 |      0 |      0 |          0 |
|           reg_file_unit                    |          register_file__parameterized0 |        299 |         43 |     256 |    0 |     0 |      0 |      0 |          0 |
|   i2c0                                     |                      I2C_axi_lite_core |         59 |         59 |       0 |    0 |   106 |      0 |      0 |          0 |
|     (i2c0)                                 |                      I2C_axi_lite_core |          0 |          0 |       0 |    0 |    16 |      0 |      0 |          0 |
|     i2c_axi_lite_interface                 |            axi_lite_slave_interface_66 |         12 |         12 |       0 |    0 |    43 |      0 |      0 |          0 |
|       AR_slave                             |                          tick_timer_67 |          1 |          1 |       0 |    0 |     2 |      0 |      0 |          0 |
|       AW_slave                             |                          tick_timer_68 |          1 |          1 |       0 |    0 |     2 |      0 |      0 |          0 |
|       B_slave                              |                          tick_timer_69 |          1 |          1 |       0 |    0 |     2 |      0 |      0 |          0 |
|       R_slave                              |                          tick_timer_70 |          1 |          1 |       0 |    0 |     2 |      0 |      0 |          0 |
|       W_slave                              |                          tick_timer_71 |          2 |          2 |       0 |    0 |     2 |      0 |      0 |          0 |
|       register_DFF_AW_0                    |                    register_DFF_new_72 |          2 |          2 |       0 |    0 |     7 |      0 |      0 |          0 |
|       register_DFF_R_0                     |                    register_DFF_new_73 |          0 |          0 |       0 |    0 |    10 |      0 |      0 |          0 |
|       register_DFF_W_0                     |                    register_DFF_new_74 |          4 |          4 |       0 |    0 |    16 |      0 |      0 |          0 |
|     i2c_unit                               |                             i2c_master |         47 |         47 |       0 |    0 |    47 |      0 |      0 |          0 |
|   imem_cpu                                 |           mem_axi_lite__parameterized1 |          8 |          8 |       0 |    0 |   106 |     16 |      0 |          0 |
|     mem_axi_lite_interface                 |            axi_lite_slave_interface_55 |          8 |          8 |       0 |    0 |   106 |      0 |      0 |          0 |
|       AR_slave                             |                          tick_timer_56 |          1 |          1 |       0 |    0 |     2 |      0 |      0 |          0 |
|       AW_slave                             |                          tick_timer_57 |          1 |          1 |       0 |    0 |     2 |      0 |      0 |          0 |
|       B_slave                              |                          tick_timer_58 |          1 |          1 |       0 |    0 |     2 |      0 |      0 |          0 |
|       R_slave                              |                          tick_timer_59 |          1 |          1 |       0 |    0 |     2 |      0 |      0 |          0 |
|       W_slave                              |                          tick_timer_60 |          2 |          2 |       0 |    0 |     2 |      0 |      0 |          0 |
|       register_DFF_AR_0                    |                    register_DFF_new_61 |          0 |          0 |       0 |    0 |    14 |      0 |      0 |          0 |
|       register_DFF_AW_0                    |                    register_DFF_new_62 |          0 |          0 |       0 |    0 |    14 |      0 |      0 |          0 |
|       register_DFF_R_0                     |                    register_DFF_new_63 |          1 |          1 |       0 |    0 |    32 |      0 |      0 |          0 |
|       register_DFF_W_0                     |                    register_DFF_new_64 |          1 |          1 |       0 |    0 |    32 |      0 |      0 |          0 |
|       register_DFF_W_1                     |    register_DFF_new__parameterized1_65 |          0 |          0 |       0 |    0 |     4 |      0 |      0 |          0 |
|     mem_register_unit                      |           mem_register__parameterized1 |          0 |          0 |       0 |    0 |     0 |     16 |      0 |          0 |
|   spi0                                     |                      Spi_axi_lite_core |         36 |         36 |       0 |    0 |   101 |      0 |      0 |          0 |
|     (spi0)                                 |                      Spi_axi_lite_core |          0 |          0 |       0 |    0 |    19 |      0 |      0 |          0 |
|     Spi_unit                               |                                    Spi |         25 |         25 |       0 |    0 |    38 |      0 |      0 |          0 |
|     spi0_axi_lite_interface                |            axi_lite_slave_interface_46 |         11 |         11 |       0 |    0 |    44 |      0 |      0 |          0 |
|       AR_slave                             |                          tick_timer_47 |          1 |          1 |       0 |    0 |     2 |      0 |      0 |          0 |
|       AW_slave                             |                          tick_timer_48 |          1 |          1 |       0 |    0 |     2 |      0 |      0 |          0 |
|       B_slave                              |                          tick_timer_49 |          1 |          1 |       0 |    0 |     2 |      0 |      0 |          0 |
|       R_slave                              |                          tick_timer_50 |          1 |          1 |       0 |    0 |     2 |      0 |      0 |          0 |
|       W_slave                              |                          tick_timer_51 |          2 |          2 |       0 |    0 |     2 |      0 |      0 |          0 |
|       register_DFF_AW_0                    |                    register_DFF_new_52 |          3 |          3 |       0 |    0 |     7 |      0 |      0 |          0 |
|       register_DFF_R_0                     |                    register_DFF_new_53 |          0 |          0 |       0 |    0 |     9 |      0 |      0 |          0 |
|       register_DFF_W_0                     |                    register_DFF_new_54 |          2 |          2 |       0 |    0 |    18 |      0 |      0 |          0 |
|   timer0                                   |                    TIMER_axi_lite_core |         85 |         85 |       0 |    0 |   105 |      0 |      0 |          0 |
|     timer_axi_lite_interface               |            axi_lite_slave_interface_37 |         17 |         17 |       0 |    0 |    55 |      0 |      0 |          0 |
|       AR_slave                             |                          tick_timer_38 |          1 |          1 |       0 |    0 |     2 |      0 |      0 |          0 |
|       AW_slave                             |                          tick_timer_39 |          1 |          1 |       0 |    0 |     2 |      0 |      0 |          0 |
|       B_slave                              |                          tick_timer_40 |          1 |          1 |       0 |    0 |     2 |      0 |      0 |          0 |
|       R_slave                              |                          tick_timer_41 |          1 |          1 |       0 |    0 |     2 |      0 |      0 |          0 |
|       W_slave                              |                          tick_timer_42 |          1 |          1 |       0 |    0 |     2 |      0 |      0 |          0 |
|       register_DFF_AR_0                    |                    register_DFF_new_43 |         10 |         10 |       0 |    0 |    11 |      0 |      0 |          0 |
|       register_DFF_R_0                     |                    register_DFF_new_44 |          1 |          1 |       0 |    0 |    32 |      0 |      0 |          0 |
|       register_DFF_W_0                     |                    register_DFF_new_45 |          1 |          1 |       0 |    0 |     2 |      0 |      0 |          0 |
|     timer_unit                             |                             timer_core |         68 |         68 |       0 |    0 |    50 |      0 |      0 |          0 |
|   uart0                                    |                          uart_axi_lite |        337 |        145 |     192 |    0 |   142 |      0 |      0 |          0 |
|     (uart0)                                |                          uart_axi_lite |          0 |          0 |       0 |    0 |    11 |      0 |      0 |          0 |
|     uart0                                  |                              uart_unit |        327 |        135 |     192 |    0 |    86 |      0 |      0 |          0 |
|       buad_gen                             |                               buad_gen |         16 |         16 |       0 |    0 |    11 |      0 |      0 |          0 |
|       fifo_rx_unit                         |                              fifo_unit |        139 |         43 |      96 |    0 |    20 |      0 |      0 |          0 |
|         fifo_ctrl                          |                           fifo_ctrl_35 |         27 |         27 |       0 |    0 |    20 |      0 |      0 |          0 |
|         reg_file_unit                      |                       register_file_36 |        112 |         16 |      96 |    0 |     0 |      0 |      0 |          0 |
|       fifo_tx_unit                         |                           fifo_unit_34 |        146 |         50 |      96 |    0 |    20 |      0 |      0 |          0 |
|         fifo_ctrl                          |                              fifo_ctrl |         26 |         26 |       0 |    0 |    20 |      0 |      0 |          0 |
|         reg_file_unit                      |                          register_file |        120 |         24 |      96 |    0 |     0 |      0 |      0 |          0 |
|       uart_rx_unit                         |                                uart_rx |         12 |         12 |       0 |    0 |    17 |      0 |      0 |          0 |
|       uart_tx_unit                         |                                uart_tx |         14 |         14 |       0 |    0 |    18 |      0 |      0 |          0 |
|     uart0_axi_lite_interface               |            axi_lite_slave_interface_24 |         10 |         10 |       0 |    0 |    45 |      0 |      0 |          0 |
|       AR_slave                             |                          tick_timer_25 |          1 |          1 |       0 |    0 |     2 |      0 |      0 |          0 |
|       AW_slave                             |                          tick_timer_26 |          1 |          1 |       0 |    0 |     2 |      0 |      0 |          0 |
|       B_slave                              |                          tick_timer_27 |          1 |          1 |       0 |    0 |     2 |      0 |      0 |          0 |
|       R_slave                              |                          tick_timer_28 |          1 |          1 |       0 |    0 |     2 |      0 |      0 |          0 |
|       W_slave                              |                          tick_timer_29 |          2 |          2 |       0 |    0 |     2 |      0 |      0 |          0 |
|       register_DFF_AR_0                    |                    register_DFF_new_30 |          2 |          2 |       0 |    0 |     7 |      0 |      0 |          0 |
|       register_DFF_AW_0                    |                    register_DFF_new_31 |          2 |          2 |       0 |    0 |     7 |      0 |      0 |          0 |
|       register_DFF_R_0                     |                    register_DFF_new_32 |          0 |          0 |       0 |    0 |    10 |      0 |      0 |          0 |
|       register_DFF_W_0                     |                    register_DFF_new_33 |          0 |          0 |       0 |    0 |    11 |      0 |      0 |          0 |
|   video_streaming                          |          video_streaming_axi_lite_core |       1317 |       1315 |       0 |    2 |  1427 |    320 |      2 |          3 |
|     (video_streaming)                      |          video_streaming_axi_lite_core |          0 |          0 |       0 |    0 |    49 |      0 |      0 |          0 |
|     DVP_core                               |                         DVP_RX_TX_core |       1278 |       1276 |       0 |    2 |  1278 |    320 |      2 |          3 |
|       HDMI_interface_uut                   |                     vgaHDMI_interface3 |         39 |         39 |       0 |    0 |    43 |      0 |      0 |          0 |
|         (HDMI_interface_uut)               |                     vgaHDMI_interface3 |          0 |          0 |       0 |    0 |    19 |      0 |      0 |          0 |
|         m0                                 |                           vgaHDMI_core |         39 |         39 |       0 |    0 |    24 |      0 |      0 |          0 |
|       cam_Sensor                           |                         uiSensorRGB565 |          8 |          8 |       0 |    0 |    45 |      0 |      0 |          0 |
|       control_read_frame_buffer            |         control_frame_buffer_read_only |        183 |        183 |       0 |    0 |    66 |      0 |      0 |          0 |
|       control_write_frame_buffer           |        control_frame_buffer_write_only |         26 |         26 |       0 |    0 |    67 |      0 |      0 |          0 |
|       delay_addr1_wr2framebuffer           |           register_DFF__parameterized0 |        165 |        165 |       0 |    0 |    32 |      0 |      0 |          0 |
|       delay_addr_wr2framebuffer            |         register_DFF__parameterized0_7 |          0 |          0 |       0 |    0 |    32 |      0 |      0 |          0 |
|       delay_data_wr2framebuffer            |           register_DFF__parameterized1 |         13 |         13 |       0 |    0 |    16 |      0 |      0 |          0 |
|       delay_wr12framebuffer                |                           register_DFF |          2 |          2 |       0 |    0 |     1 |      0 |      0 |          0 |
|       delay_wr2framebuffer                 |                         register_DFF_8 |          0 |          0 |       0 |    0 |     1 |      0 |      0 |          0 |
|       fifo_camera                          |                              asyn_fifo |         75 |         75 |       0 |    0 |    87 |      0 |      1 |          0 |
|         (fifo_camera)                      |                              asyn_fifo |         66 |         66 |       0 |    0 |    78 |      0 |      0 |          0 |
|         m0                                 |                      dual_port_sync_23 |          9 |          9 |       0 |    0 |     9 |      0 |      1 |          0 |
|       fifo_hdmi                            |                            asyn_fifo_9 |         68 |         68 |       0 |    0 |    78 |      0 |      1 |          0 |
|         (fifo_hdmi)                        |                            asyn_fifo_9 |         61 |         61 |       0 |    0 |    69 |      0 |      0 |          0 |
|         m0                                 |                         dual_port_sync |          7 |          7 |       0 |    0 |     9 |      0 |      1 |          0 |
|       frame_buffer_unit                    |                           frame_buffer |         83 |         83 |       0 |    0 |   457 |    320 |      0 |          0 |
|         encoder_frame_buffer0_uut          |                   encoder_frame_buffer |         32 |         32 |       0 |    0 |    21 |      0 |      0 |          0 |
|         encoder_frame_buffer1_uut          |                encoder_frame_buffer_18 |         51 |         51 |       0 |    0 |    21 |      0 |      0 |          0 |
|         g_bram[0].u_bram                   |                block_ram_frame_buffer2 |          0 |          0 |       0 |    0 |    83 |     64 |      0 |          0 |
|         g_bram[1].u_bram                   |             block_ram_frame_buffer2_19 |          0 |          0 |       0 |    0 |    83 |     64 |      0 |          0 |
|         g_bram[2].u_bram                   |             block_ram_frame_buffer2_20 |          0 |          0 |       0 |    0 |    83 |     64 |      0 |          0 |
|         g_bram[3].u_bram                   |             block_ram_frame_buffer2_21 |          0 |          0 |       0 |    0 |    83 |     64 |      0 |          0 |
|         g_bram[4].u_bram                   |             block_ram_frame_buffer2_22 |          0 |          0 |       0 |    0 |    83 |     64 |      0 |          0 |
|       register_DFF_HDMI_FIFO               |                        register_DFF_10 |          0 |          0 |       0 |    0 |     1 |      0 |      0 |          0 |
|       register_DFF_HDMI_FIFO_2             |                        register_DFF_11 |          1 |          1 |       0 |    0 |     1 |      0 |      0 |          0 |
|       resize_mover_data_dut                |                      resize_mover_data |        624 |        622 |       0 |    2 |   351 |      0 |      0 |          3 |
|         control_data_resize_image_uut      |              control_data_resize_image |         48 |         48 |       0 |    0 |    32 |      0 |      0 |          0 |
|         fifo_B_channel                     |            axi4_stream__parameterized1 |         35 |         35 |       0 |    0 |    18 |      0 |      0 |          0 |
|           (fifo_B_channel)                 |            axi4_stream__parameterized1 |         11 |         11 |       0 |    0 |     0 |      0 |      0 |          0 |
|           buffer_uut                       |           fifo_unit__parameterized1_16 |         26 |         26 |       0 |    0 |    18 |      0 |      0 |          0 |
|             fifo_ctrl                      |           fifo_ctrl__parameterized1_17 |         26 |         26 |       0 |    0 |    18 |      0 |      0 |          0 |
|         fifo_G_channel                     |         axi4_stream__parameterized1_12 |         35 |         35 |       0 |    0 |    18 |      0 |      0 |          0 |
|           (fifo_G_channel)                 |         axi4_stream__parameterized1_12 |         11 |         11 |       0 |    0 |     0 |      0 |      0 |          0 |
|           buffer_uut                       |           fifo_unit__parameterized1_14 |         26 |         26 |       0 |    0 |    18 |      0 |      0 |          0 |
|             fifo_ctrl                      |           fifo_ctrl__parameterized1_15 |         26 |         26 |       0 |    0 |    18 |      0 |      0 |          0 |
|         fifo_R_channel                     |         axi4_stream__parameterized1_13 |         35 |         35 |       0 |    0 |    18 |      0 |      0 |          0 |
|           (fifo_R_channel)                 |         axi4_stream__parameterized1_13 |         10 |         10 |       0 |    0 |     0 |      0 |      0 |          0 |
|           buffer_uut                       |              fifo_unit__parameterized1 |         25 |         25 |       0 |    0 |    18 |      0 |      0 |          0 |
|             fifo_ctrl                      |              fifo_ctrl__parameterized1 |         25 |         25 |       0 |    0 |    18 |      0 |      0 |          0 |
|         resize_maxpooling_uut              |                      resize_maxpooling |        475 |        473 |       0 |    2 |   265 |      0 |      0 |          3 |
|     dvp_axi_lite_interface                 |               axi_lite_slave_interface |         39 |         39 |       0 |    0 |   100 |      0 |      0 |          0 |
|       AR_slave                             |                             tick_timer |          1 |          1 |       0 |    0 |     2 |      0 |      0 |          0 |
|       AW_slave                             |                           tick_timer_0 |          1 |          1 |       0 |    0 |     2 |      0 |      0 |          0 |
|       B_slave                              |                           tick_timer_1 |          1 |          1 |       0 |    0 |     2 |      0 |      0 |          0 |
|       R_slave                              |                           tick_timer_2 |          1 |          1 |       0 |    0 |     2 |      0 |      0 |          0 |
|       W_slave                              |                           tick_timer_3 |          2 |          2 |       0 |    0 |     2 |      0 |      0 |          0 |
|       register_DFF_AR_0                    |                       register_DFF_new |         23 |         23 |       0 |    0 |    11 |      0 |      0 |          0 |
|       register_DFF_AW_0                    |                     register_DFF_new_4 |          8 |          8 |       0 |    0 |    11 |      0 |      0 |          0 |
|       register_DFF_R_0                     |                     register_DFF_new_5 |          1 |          1 |       0 |    0 |    32 |      0 |      0 |          0 |
|       register_DFF_W_0                     |                     register_DFF_new_6 |          1 |          1 |       0 |    0 |    32 |      0 |      0 |          0 |
|       register_DFF_W_1                     |       register_DFF_new__parameterized1 |          0 |          0 |       0 |    0 |     4 |      0 |      0 |          0 |
+--------------------------------------------+----------------------------------------+------------+------------+---------+------+-------+--------+--------+------------+
* Note: The sum of lower-level cells may be larger than their parent cells total, due to cross-hierarchy LUT combining


